#
# There is insufficient memory for the Java Runtime Environment to continue.
# Native memory allocation (mmap) failed to map 266338304 bytes. Error detail: G1 virtual space
# Possible reasons:
#   The system is out of physical RAM or swap space
#   This process is running with CompressedOops enabled, and the Java Heap may be blocking the growth of the native heap
# Possible solutions:
#   Reduce memory load on the system
#   Increase physical memory or swap space
#   Check if swap backing store is full
#   Decrease Java heap size (-Xmx/-Xms)
#   Decrease number of Java threads
#   Decrease Java thread stack sizes (-Xss)
#   Set larger code cache with -XX:ReservedCodeCacheSize=
#   JVM is running with Zero Based Compressed Oops mode in which the Java heap is
#     placed in the first 32GB address space. The Java Heap base address is the
#     maximum limit for the native heap growth. Please use -XX:HeapBaseMinAddress
#     to set the Java Heap base and to place the Java Heap above 32GB virtual address.
# This output file may be truncated or incomplete.
#
#  Out of Memory Error (os_windows.cpp:3618), pid=9512, tid=24180
#
# JRE version:  (17.0.17+10) (build )
# Java VM: OpenJDK 64-Bit Server VM (17.0.17+10, mixed mode, sharing, tiered, compressed oops, compressed class ptrs, g1 gc, windows-amd64)
# No core dump will be written. Minidumps are not enabled by default on client versions of Windows
#

---------------  S U M M A R Y ------------

Command Line: 

Host: 11th Gen Intel(R) Core(TM) i5-11300H @ 3.10GHz, 8 cores, 15G,  Windows 11 , 64 bit Build 26100 (10.0.26100.4484)
Time: Fri May  8 11:36:31 2026 India Standard Time elapsed time: 0.331059 seconds (0d 0h 0m 0s)

---------------  T H R E A D  ---------------

Current thread (0x0000023c13d68d20):  JavaThread "Unknown thread" [_thread_in_vm, id=24180, stack(0x000000d993a00000,0x000000d993b00000)]

Stack: [0x000000d993a00000,0x000000d993b00000]
Native frames: (J=compiled Java code, j=interpreted, Vv=VM code, C=native code)
V  [jvm.dll+0x683fb9]
V  [jvm.dll+0x83a1b5]
V  [jvm.dll+0x83bc2e]
V  [jvm.dll+0x83c2b3]
V  [jvm.dll+0x248eff]
V  [jvm.dll+0x680d79]
V  [jvm.dll+0x675b7a]
V  [jvm.dll+0x3091a7]
V  [jvm.dll+0x310776]
V  [jvm.dll+0x360bbe]
V  [jvm.dll+0x360dfd]
V  [jvm.dll+0x2e022c]
V  [jvm.dll+0x2e1138]
V  [jvm.dll+0x80c6cb]
V  [jvm.dll+0x36e841]
V  [jvm.dll+0x7eb2a5]
V  [jvm.dll+0x3f444b]
V  [jvm.dll+0x3f5f31]
C  [jli.dll+0x52d0]
C  [ucrtbase.dll+0x37b0]
C  [KERNEL32.DLL+0x2e8d7]
C  [ntdll.dll+0x3c34c]


---------------  P R O C E S S  ---------------

Threads class SMR info:
_java_thread_list=0x00007ffac6f17f58, length=0, elements={
}

Java Threads: ( => current thread )

Other Threads:
  0x0000023c13dd5ef0 GCTaskThread "GC Thread#0" [stack: 0x000000d993b00000,0x000000d993c00000] [id=10272]
  0x0000023c13de87b0 ConcurrentGCThread "G1 Main Marker" [stack: 0x000000d993c00000,0x000000d993d00000] [id=23876]
  0x0000023c13de91d0 ConcurrentGCThread "G1 Conc#0" [stack: 0x000000d993d00000,0x000000d993e00000] [id=25172]

[error occurred during error reporting (printing all threads), id 0xc0000005, EXCEPTION_ACCESS_VIOLATION (0xc0000005) at pc=0x00007ffac66d0d57]

VM state: not at safepoint (not fully initialized)

VM Mutex/Monitor currently owned by a thread:  ([mutex/lock_event])
[0x0000023c13d52090] Heap_lock - owner thread: 0x0000023c13d68d20

Heap address: 0x0000000703600000, size: 4042 MB, Compressed Oops mode: Zero based, Oop shift amount: 3

CDS archive(s) mapped at: [0x0000000000000000-0x0000000000000000-0x0000000000000000), size 0, SharedBaseAddress: 0x0000000800000000, ArchiveRelocationMode: 1.
Narrow klass base: 0x0000000000000000, Narrow klass shift: 0, Narrow klass range: 0x0

GC Precious Log:
<Empty>

Heap:
 garbage-first heap   total 0K, used 0K [0x0000000703600000, 0x0000000800000000)
  region size 2048K, 0 young (0K), 0 survivors (0K)

[error occurred during error reporting (printing heap information), id 0xc0000005, EXCEPTION_ACCESS_VIOLATION (0xc0000005) at pc=0x00007ffac6abd5c9]

GC Heap History (0 events):
No events

Dll operation events (1 events):
Event: 0.033 Loaded shared library C:\Program Files\Eclipse Adoptium\jdk-17.0.17.10-hotspot\bin\java.dll

Deoptimization events (0 events):
No events

Classes loaded (0 events):
No events

Classes unloaded (0 events):
No events

Classes redefined (0 events):
No events

Internal exceptions (0 events):
No events

VM Operations (0 events):
No events

Memory protections (0 events):
No events

Nmethod flushes (0 events):
No events

Events (0 events):
No events


Dynamic libraries:
0x00007ff640c90000 - 0x00007ff640c9e000 	C:\Program Files\Eclipse Adoptium\jdk-17.0.17.10-hotspot\bin\java.exe
0x00007ffb93140000 - 0x00007ffb933a8000 	C:\WINDOWS\SYSTEM32\ntdll.dll
0x00007ffb91950000 - 0x00007ffb91a19000 	C:\WINDOWS\System32\KERNEL32.DLL
0x00007ffb905c0000 - 0x00007ffb909ad000 	C:\WINDOWS\System32\KERNELBASE.dll
0x00007ffb90340000 - 0x00007ffb9048b000 	C:\WINDOWS\System32\ucrtbase.dll
0x00007ffb6c080000 - 0x00007ffb6c09e000 	C:\Program Files\Eclipse Adoptium\jdk-17.0.17.10-hotspot\bin\VCRUNTIME140.dll
0x00007ffb54b50000 - 0x00007ffb54b68000 	C:\Program Files\Eclipse Adoptium\jdk-17.0.17.10-hotspot\bin\jli.dll
0x00007ffb91ec0000 - 0x00007ffb9208c000 	C:\WINDOWS\System32\USER32.dll
0x00007ffb731f0000 - 0x00007ffb7348a000 	C:\WINDOWS\WinSxS\amd64_microsoft.windows.common-controls_6595b64144ccf1df_6.0.26100.4484_none_3e0e6d4ce32ef3b3\COMCTL32.dll
0x00007ffb90df0000 - 0x00007ffb90e17000 	C:\WINDOWS\System32\win32u.dll
0x00007ffb92eb0000 - 0x00007ffb92f59000 	C:\WINDOWS\System32\msvcrt.dll
0x00007ffb93030000 - 0x00007ffb9305b000 	C:\WINDOWS\System32\GDI32.dll
0x00007ffb909b0000 - 0x00007ffb90ae7000 	C:\WINDOWS\System32\gdi32full.dll
0x00007ffb90290000 - 0x00007ffb90333000 	C:\WINDOWS\System32\msvcp_win.dll
0x00007ffb924f0000 - 0x00007ffb9251f000 	C:\WINDOWS\System32\IMM32.DLL
0x00007ffb7acc0000 - 0x00007ffb7accc000 	C:\Program Files\Eclipse Adoptium\jdk-17.0.17.10-hotspot\bin\vcruntime140_1.dll
0x00007ffad4180000 - 0x00007ffad420d000 	C:\Program Files\Eclipse Adoptium\jdk-17.0.17.10-hotspot\bin\msvcp140.dll
0x00007ffac63e0000 - 0x00007ffac704b000 	C:\Program Files\Eclipse Adoptium\jdk-17.0.17.10-hotspot\bin\server\jvm.dll
0x00007ffb92f60000 - 0x00007ffb93014000 	C:\WINDOWS\System32\ADVAPI32.dll
0x00007ffb92e00000 - 0x00007ffb92ea6000 	C:\WINDOWS\System32\sechost.dll
0x00007ffb929c0000 - 0x00007ffb92ad8000 	C:\WINDOWS\System32\RPCRT4.dll
0x00007ffb91000000 - 0x00007ffb91074000 	C:\WINDOWS\System32\WS2_32.dll
0x00007ffb8eea0000 - 0x00007ffb8eefe000 	C:\WINDOWS\SYSTEM32\POWRPROF.dll
0x00007ffb878f0000 - 0x00007ffb87925000 	C:\WINDOWS\SYSTEM32\WINMM.dll
0x00007ffb80920000 - 0x00007ffb8092b000 	C:\WINDOWS\SYSTEM32\VERSION.dll
0x00007ffb8ee80000 - 0x00007ffb8ee94000 	C:\WINDOWS\SYSTEM32\UMPDC.dll
0x00007ffb8f160000 - 0x00007ffb8f17b000 	C:\WINDOWS\SYSTEM32\kernel.appcore.dll
0x00007ffb7aca0000 - 0x00007ffb7acaa000 	C:\Program Files\Eclipse Adoptium\jdk-17.0.17.10-hotspot\bin\jimage.dll
0x00007ffb8cf60000 - 0x00007ffb8d1a1000 	C:\WINDOWS\SYSTEM32\DBGHELP.DLL
0x00007ffb91a20000 - 0x00007ffb91da6000 	C:\WINDOWS\System32\combase.dll
0x00007ffb90ef0000 - 0x00007ffb90fd0000 	C:\WINDOWS\System32\OLEAUT32.dll
0x00007ffb5c670000 - 0x00007ffb5c6b3000 	C:\WINDOWS\SYSTEM32\dbgcore.DLL
0x00007ffb90520000 - 0x00007ffb905b9000 	C:\WINDOWS\System32\bcryptPrimitives.dll
0x00007ffb4dc20000 - 0x00007ffb4dc45000 	C:\Program Files\Eclipse Adoptium\jdk-17.0.17.10-hotspot\bin\java.dll

dbghelp: loaded successfully - version: 4.0.5 - missing functions: none
symbol engine: initialized successfully - sym options: 0x614 - pdb path: .;C:\Program Files\Eclipse Adoptium\jdk-17.0.17.10-hotspot\bin;C:\WINDOWS\SYSTEM32;C:\WINDOWS\WinSxS\amd64_microsoft.windows.common-controls_6595b64144ccf1df_6.0.26100.4484_none_3e0e6d4ce32ef3b3;C:\Program Files\Eclipse Adoptium\jdk-17.0.17.10-hotspot\bin\server

VM Arguments:
java_command: <unknown>
java_class_path (initial): <not set>
Launcher Type: SUN_STANDARD

[Global flags]
     intx CICompilerCount                          = 4                                         {product} {ergonomic}
     uint ConcGCThreads                            = 2                                         {product} {ergonomic}
     uint G1ConcRefinementThreads                  = 8                                         {product} {ergonomic}
   size_t G1HeapRegionSize                         = 2097152                                   {product} {ergonomic}
    uintx GCDrainStackTargetSize                   = 64                                        {product} {ergonomic}
   size_t InitialHeapSize                          = 266338304                                 {product} {ergonomic}
   size_t MarkStackSize                            = 4194304                                   {product} {ergonomic}
   size_t MaxHeapSize                              = 4238344192                                {product} {ergonomic}
   size_t MinHeapDeltaBytes                        = 2097152                                   {product} {ergonomic}
   size_t MinHeapSize                              = 8388608                                   {product} {ergonomic}
    uintx NonNMethodCodeHeapSize                   = 5839372                                {pd product} {ergonomic}
    uintx NonProfiledCodeHeapSize                  = 122909434                              {pd product} {ergonomic}
    uintx ProfiledCodeHeapSize                     = 122909434                              {pd product} {ergonomic}
    uintx ReservedCodeCacheSize                    = 251658240                              {pd product} {ergonomic}
     bool SegmentedCodeCache                       = true                                      {product} {ergonomic}
   size_t SoftMaxHeapSize                          = 4238344192                             {manageable} {ergonomic}
     bool UseCompressedClassPointers               = true                           {product lp64_product} {ergonomic}
     bool UseCompressedOops                        = true                           {product lp64_product} {ergonomic}
     bool UseG1GC                                  = true                                      {product} {ergonomic}
     bool UseLargePagesIndividualAllocation        = false                                  {pd product} {ergonomic}

Logging:
Log output configuration:
 #0: stdout all=warning uptime,level,tags
 #1: stderr all=off uptime,level,tags

Environment Variables:
PATH=C:\Program Files\Eclipse Adoptium\jdk-17.0.17.10-hotspot\bin;C:\Program Files\Common Files\Oracle\Java\javapath;C:\Windows\system32;C:\Windows;C:\Windows\System32\Wbem;C:\Windows\System32\WindowsPowerShell\v1.0\;C:\Windows\System32\OpenSSH\;C:\Program Files (x86)\NVIDIA Corporation\PhysX\Common;C:\Program Files\NVIDIA Corporation\NVIDIA NvDLISR;C:\Users\Aarav Halvadiya\AppData\Local\Programs\Python\Python310\Scripts;C:\MinGW\bin;C:\WINDOWS\system32;C:\WINDOWS;C:\WINDOWS\System32\Wbem;C:\WINDOWS\System32\WindowsPowerShell\v1.0\;C:\WINDOWS\System32\OpenSSH\;C:\Program Files\Microsoft SQL Server\150\Tools\Binn\;C:\Program Files (x86)\Windows Kits\10\Windows Performance Toolkit\;C:\Program Files\CMake\bin;C:\Program Files\Git\cmd;C:\Program Files (x86)\Microsoft SQL Server\160\Tools\Binn\;C:\Program Files\Microsoft SQL Server\160\Tools\Binn\;C:\Program Files\Microsoft SQL Server\Client SDK\ODBC\170\Tools\Binn\;C:\Program Files\Microsoft SQL Server\160\DTS\Binn\;C:\Program Files\MongoDB\Server;C:\Program Files\Java\jdk-22\bin;D:\cloc;D:\;C:\Program Files\KeePassXC\;C:\Users\Aarav Halvadiya\scoop\shims;D:\Flutter\flutter\bin;C:\Users\Aarav Halvadiya\AppData\Local\Programs\Python\Python311\Scripts\;C:\Users\Aarav Halvadiya\AppData\Local\Programs\Python\Python311\;C:\Users\Aarav Halvadiya\AppData\Local\Microsoft\WindowsApps;C:\Users\Aarav Halvadiya\AppData\Local\Programs\Microsoft VS Code\bin;C:\Users\Aarav Halvadiya\AppData\Local\GitHubDesktop\bin;C:\Users\Aarav Halvadiya\AppData\Local\Programs\mongosh\;C:\Users\Aarav Halvadiya\AppData\Local\Google\Cloud SDK\google-cloud-sdk\bin;D:\cloc;D:\Antigravity\bin;C:\Users\Aarav Halvadiya\AppData\Roaming\npm;C:\Users\Aarav Halvadiya\AppData\Local\JetBrains\Toolbox\scripts;
USERNAME=Aarav Halvadiya
OS=Windows_NT
PROCESSOR_IDENTIFIER=Intel64 Family 6 Model 140 Stepping 1, GenuineIntel
TMP=C:\Users\AARAVH~1\AppData\Local\Temp
TEMP=C:\Users\AARAVH~1\AppData\Local\Temp



Periodic native trim disabled


---------------  S Y S T E M  ---------------

OS:
 Windows 11 , 64 bit Build 26100 (10.0.26100.4484)
OS uptime: 0 days 3:16 hours
Hyper-V role detected

CPU: total 8 (initial active 8) (4 cores per cpu, 2 threads per core) family 6 model 140 stepping 1 microcode 0xa4, cx8, cmov, fxsr, ht, mmx, 3dnowpref, sse, sse2, sse3, ssse3, sse4.1, sse4.2, popcnt, lzcnt, tsc, tscinvbit, avx, avx2, aes, erms, clmul, bmi1, bmi2, adx, avx512f, avx512dq, avx512cd, avx512bw, avx512vl, sha, fma, vzeroupper, avx512_vpopcntdq, avx512_vpclmulqdq, avx512_vaes, avx512_vnni, clflush, clflushopt, clwb, avx512_vbmi2, avx512_vbmi, hv
Processor Information for all 8 processors :
  Max Mhz: 3110, Current Mhz: 3110, Mhz Limit: 3110

Memory: 4k page, system-wide physical 16167M (649M free)
TotalPageFile size 31327M (AvailPageFile size 36M)
current process WorkingSet (physical memory assigned to process): 12M, peak: 12M
current process commit charge ("private bytes"): 60M, peak: 314M

vm_info: OpenJDK 64-Bit Server VM (17.0.17+10) for windows-amd64 JRE (17.0.17+10), built on Oct 21 2025 23:25:32 by "admin" with unknown MS VC++:1942

END.
